Published 1EO's
Save completed
Trade saving save successful for trade 56945458|220841|b for MCR: CMDTY from source:ICE Tradecapture API retry count: 0 (From this line we check Company Name – CMDTY)

Published 4EO's
Save completed
Trade saving save successful for trade 5666688|000|b for MCR: CMDTY from source:ICE

Published 10EO's
Save completed
Trade saving save successful for trade 56945458|220841|b for MCR: CMDTY from source:ICE Tradecapture API retry count: 0 (From this line we check Company Name – CMDTY)
